2026-04-14T10:43:23.013 75687d0a ["-f", "LangDerivedGenerator{STLC}(Main.Expr.t,Pair{Type,Integer}[Main.Expr.t=>5,Main.Typ.t=>2],0,3,true)", "Pair{MLELossConfig{STLC},Float64}[MLELossConfig{STLC}(depth,Linear())=>0.3]", "100", "0.0"]
== Config ==
TAG: v133_artifact
LangDerivedGenerator{STLC}(Main.Expr.t, Pair{Type, Integer}[Main.Expr.t => 5, Main.Typ.t => 2], 0, 3, true)
Pair{MLELossConfig{STLC}, Float64}[MLELossConfig{STLC}(depth, Linear()) => 0.3]
Epochs: 100
Bound: 0.0
SEED: 0
ARGS: -f LangDerivedGenerator{STLC}(Main.Expr.t,Pair{Type,Integer}[Main.Expr.t=>5,Main.Typ.t=>2],0,3,true) Pair{MLELossConfig{STLC},Float64}[MLELossConfig{STLC}(depth,Linear())=>0.3] 100 0.0

Building generation computation graph...
  4.676431458 seconds

Building computation graph for MLELossConfig{STLC}(depth, Linear())...
  1.4644565 seconds

ADNodes of interest (initial):
Dict("Frequency2_TFun%%2" => 0.5, "Frequency4_Var%%2" => 0.5, "Frequency2_TBool%%1" => 0.5, "Frequency4_Var%%3" => 0.5, "Frequency3_Bool%%0" => 0.5, "Frequency4_App%%4" => 0.5, "Frequency4_Bool%%3" => 0.5, "Frequency4_Var%%1" => 0.5, "Frequency3_Var%%0" => 0.5, "Frequency4_App%%2" => 0.5, "Frequency4_App%%3" => 0.5, "Frequency4_Abs%%3" => 0.5, "Frequency4_Var%%5" => 0.5, "Frequency4_Bool%%1" => 0.5, "Frequency4_Abs%%2" => 0.5, "Frequency4_Bool%%4" => 0.5, "Frequency4_Abs%%1" => 0.5, "Frequency4_Var%%4" => 0.5, "Frequency4_Bool%%2" => 0.5, "Frequency4_Bool%%5" => 0.5, "Frequency2_TFun%%1" => 0.5, "Frequency4_App%%5" => 0.5, "Frequency4_Abs%%4" => 0.5, "Frequency2_TBool%%2" => 0.5, "Frequency1_TBool%%0" => 0.5, "Frequency4_App%%1" => 0.5, "Frequency4_Abs%%5" => 0.5)

Parameter values (initial):
Dict{Var, Union{Real, AbstractMatrix{<:Real}}}(Var("Frequency2_TBool%%2_before_sigmoid") => 0, Var("Frequency2_TFun%%1_before_sigmoid") => 0, Var("Frequency4_App%%5_before_sigmoid") => 0, Var("Frequency4_Bool%%3_before_sigmoid") => 0, Var("Frequency4_Abs%%4_before_sigmoid") => 0, Var("Frequency4_App%%1_before_sigmoid") => 0, Var("Frequency4_Var%%5_before_sigmoid") => 0, Var("Frequency2_TBool%%1_before_sigmoid") => 0, Var("Frequency4_Bool%%5_before_sigmoid") => 0, Var("Frequency1_TBool%%0_before_sigmoid") => 0, Var("Frequency3_Var%%0_before_sigmoid") => 0, Var("Frequency4_App%%4_before_sigmoid") => 0, Var("Frequency4_Var%%2_before_sigmoid") => 0, Var("Frequency4_Bool%%4_before_sigmoid") => 0, Var("Frequency4_Abs%%1_before_sigmoid") => 0, Var("Frequency4_App%%2_before_sigmoid") => 0, Var("Frequency2_TFun%%2_before_sigmoid") => 0, Var("Frequency4_Abs%%5_before_sigmoid") => 0, Var("Frequency3_Bool%%0_before_sigmoid") => 0, Var("Frequency4_Var%%1_before_sigmoid") => 0, Var("Frequency4_Bool%%1_before_sigmoid") => 0, Var("Frequency4_App%%3_before_sigmoid") => 0, Var("Frequency4_Abs%%2_before_sigmoid") => 0, Var("Frequency4_Abs%%3_before_sigmoid") => 0, Var("Frequency4_Bool%%2_before_sigmoid") => 0, Var("Frequency4_Var%%3_before_sigmoid") => 0, Var("Frequency4_Var%%4_before_sigmoid") => 0)

Saved Coq generator to /Users/francille/Loaded_dice_artifact/artifact/experiments/../tuning-output/v133_artifact/stlc/langderived/root_ty=Main.Expr.t/ty-sizes=Main.Expr.t-5-Main.Typ.t-2/stack_size=0/intwidth=3/arbitrary_prims=true/mle/depth/linear/0.3/epochs=100/bound=0.0/initial_Generator.v

Saving initial distribution...
  0.126161 seconds
Saved metric dist to /Users/francille/Loaded_dice_artifact/artifact/experiments/../tuning-output/v133_artifact/stlc/langderived/root_ty=Main.Expr.t/ty-sizes=Main.Expr.t-5-Main.Typ.t-2/stack_size=0/intwidth=3/arbitrary_prims=true/mle/depth/linear/0.3/epochs=100/bound=0.0/loss1_dist_depth_initial.csv


ADNodes of interest (trained):
Dict("Frequency2_TFun%%2" => 0.5, "Frequency4_Var%%2" => 0.5078860373965864, "Frequency2_TBool%%1" => 0.5, "Frequency4_Var%%3" => 0.32036082435474905, "Frequency3_Bool%%0" => 0.5, "Frequency4_App%%4" => 0.7924330515055894, "Frequency4_Bool%%3" => 0.3203608243547491, "Frequency4_Var%%1" => 0.6422172574564735, "Frequency3_Var%%0" => 0.5, "Frequency4_App%%2" => 0.40916387061996734, "Frequency4_App%%3" => 0.6254502556806599, "Frequency4_Abs%%3" => 0.6541731477990966, "Frequency4_Var%%5" => 0.0038208940750620916, "Frequency4_Bool%%1" => 0.6422172574564741, "Frequency4_Abs%%2" => 0.5650662453639045, "Frequency4_Bool%%4" => 0.10737051498171506, "Frequency4_Abs%%1" => 0.31261568014424296, "Frequency4_Var%%4" => 0.10737051498171493, "Frequency4_Bool%%2" => 0.5078860373965863, "Frequency4_Bool%%5" => 0.0038208940750620916, "Frequency2_TFun%%1" => 0.5, "Frequency4_App%%5" => 0.9002681877619971, "Frequency4_Abs%%4" => 0.7164172728837953, "Frequency2_TBool%%2" => 0.5, "Frequency1_TBool%%0" => 0.5, "Frequency4_App%%1" => 0.31261568014424296, "Frequency4_Abs%%5" => 0.7966443643014863)

Parameter values (trained):
Dict{Var, Union{Real, AbstractMatrix{<:Real}}}(Var("Frequency2_TBool%%2_before_sigmoid") => 0, Var("Frequency2_TFun%%1_before_sigmoid") => 0, Var("Frequency4_App%%5_before_sigmoid") => 2.2002079996457975, Var("Frequency4_Bool%%3_before_sigmoid") => -0.7521140966223916, Var("Frequency4_Abs%%4_before_sigmoid") => 0.9267588935586666, Var("Frequency4_App%%1_before_sigmoid") => -0.7879189762154624, Var("Frequency4_Var%%5_before_sigmoid") => -5.56344262034764, Var("Frequency2_TBool%%1_before_sigmoid") => 0, Var("Frequency4_Bool%%5_before_sigmoid") => -5.56344262034764, Var("Frequency1_TBool%%0_before_sigmoid") => 0, Var("Frequency3_Var%%0_before_sigmoid") => 0, Var("Frequency4_App%%4_before_sigmoid") => 1.339654093608393, Var("Frequency4_Var%%2_before_sigmoid") => 0.03154676560027402, Var("Frequency4_Bool%%4_before_sigmoid") => -2.1178859746211733, Var("Frequency4_Abs%%1_before_sigmoid") => -0.7879189762154624, Var("Frequency4_App%%2_before_sigmoid") => -0.3674229646431648, Var("Frequency2_TFun%%2_before_sigmoid") => 0, Var("Frequency4_Abs%%5_before_sigmoid") => 1.3654520150173406, Var("Frequency3_Bool%%0_before_sigmoid") => 0, Var("Frequency4_Var%%1_before_sigmoid") => 0.5850007159158084, Var("Frequency4_Bool%%1_before_sigmoid") => 0.5850007159158108, Var("Frequency4_App%%3_before_sigmoid") => 0.5127471766959858, Var("Frequency4_Abs%%2_before_sigmoid") => 0.2617492414062945, Var("Frequency4_Abs%%3_before_sigmoid") => 0.6374338457657205, Var("Frequency4_Bool%%2_before_sigmoid") => 0.031546765600273335, Var("Frequency4_Var%%3_before_sigmoid") => -0.752114096622392, Var("Frequency4_Var%%4_before_sigmoid") => -2.1178859746211747)

Saved Coq generator to /Users/francille/Loaded_dice_artifact/artifact/experiments/../tuning-output/v133_artifact/stlc/langderived/root_ty=Main.Expr.t/ty-sizes=Main.Expr.t-5-Main.Typ.t-2/stack_size=0/intwidth=3/arbitrary_prims=true/mle/depth/linear/0.3/epochs=100/bound=0.0/trained_Generator.v

Saving trained distribution...
  0.052102584 seconds
Saved metric dist to /Users/francille/Loaded_dice_artifact/artifact/experiments/../tuning-output/v133_artifact/stlc/langderived/root_ty=Main.Expr.t/ty-sizes=Main.Expr.t-5-Main.Typ.t-2/stack_size=0/intwidth=3/arbitrary_prims=true/mle/depth/linear/0.3/epochs=100/bound=0.0/loss1_dist_depth_trained.csv


2026-04-14T10:43:40.533
Total time elapsed: 17 seconds, 520 milliseconds
