2026-04-14T10:43:23.037 75687d0a ["-f", "LangDerivedGenerator{RBT}(Main.ColorKVTree.t,Pair{Type,Integer}[Main.ColorKVTree.t=>4,Main.Color.t=>0],0,3,true)", "Pair{MLELossConfig{RBT},Float64}[MLELossConfig{RBT}(depth,Uniform())=>0.3]", "100", "0.0"]
== Config ==
TAG: v133_artifact
LangDerivedGenerator{RBT}(Main.ColorKVTree.t, Pair{Type, Integer}[Main.ColorKVTree.t => 4, Main.Color.t => 0], 0, 3, true)
Pair{MLELossConfig{RBT}, Float64}[MLELossConfig{RBT}(depth, Uniform()) => 0.3]
Epochs: 100
Bound: 0.0
SEED: 0
ARGS: -f LangDerivedGenerator{RBT}(Main.ColorKVTree.t,Pair{Type,Integer}[Main.ColorKVTree.t=>4,Main.Color.t=>0],0,3,true) Pair{MLELossConfig{RBT},Float64}[MLELossConfig{RBT}(depth,Uniform())=>0.3] 100 0.0

Building generation computation graph...
  2.956638959 seconds

Building computation graph for MLELossConfig{RBT}(depth, Uniform())...
  2.045265667 seconds

ADNodes of interest (initial):
Dict("Frequency3_T%%4" => 0.5, "Frequency3_T%%1" => 0.5, "Frequency3_E%%4" => 0.5, "Frequency1_R%%0" => 0.5, "Frequency2_E%%0" => 0.5, "Frequency3_E%%2" => 0.5, "Frequency1_B%%0" => 0.5, "Frequency3_T%%3" => 0.5, "Frequency3_T%%2" => 0.5, "Frequency3_E%%1" => 0.5, "Frequency3_E%%3" => 0.5)

Parameter values (initial):
Dict{Var, Union{Real, AbstractMatrix{<:Real}}}(Var("Frequency3_E%%2_before_sigmoid") => 0, Var("Frequency3_T%%1_before_sigmoid") => 0, Var("Frequency1_R%%0_before_sigmoid") => 0, Var("Frequency3_T%%3_before_sigmoid") => 0, Var("Frequency3_E%%3_before_sigmoid") => 0, Var("Frequency3_E%%1_before_sigmoid") => 0, Var("Frequency3_T%%4_before_sigmoid") => 0, Var("Frequency3_T%%2_before_sigmoid") => 0, Var("Frequency1_B%%0_before_sigmoid") => 0, Var("Frequency3_E%%4_before_sigmoid") => 0, Var("Frequency2_E%%0_before_sigmoid") => 0)

Saved Coq generator to /Users/francille/Loaded_dice_artifact/artifact/experiments/../tuning-output/v133_artifact/rbt/langderived/root_ty=Main.ColorKVTree.t/ty-sizes=Main.ColorKVTree.t-4-Main.Color.t-0/stack_size=0/intwidth=3/arbitrary_prims=true/mle/depth/uniform/0.3/epochs=100/bound=0.0/initial_Generator.v

Saving initial distribution...
  0.02202725 seconds
Saved metric dist to /Users/francille/Loaded_dice_artifact/artifact/experiments/../tuning-output/v133_artifact/rbt/langderived/root_ty=Main.ColorKVTree.t/ty-sizes=Main.ColorKVTree.t-4-Main.Color.t-0/stack_size=0/intwidth=3/arbitrary_prims=true/mle/depth/uniform/0.3/epochs=100/bound=0.0/loss1_dist_depth_initial.csv


ADNodes of interest (trained):
Dict("Frequency3_T%%4" => 0.7160099822637831, "Frequency3_T%%1" => 0.2072269800804229, "Frequency3_E%%4" => 0.17900249614705205, "Frequency1_R%%0" => 0.5, "Frequency2_E%%0" => 0.5, "Frequency3_E%%2" => 0.6232375746543509, "Frequency1_B%%0" => 0.5, "Frequency3_T%%3" => 0.5001314654912752, "Frequency3_T%%2" => 0.34513254031644425, "Frequency3_E%%1" => 0.6987244014023533, "Frequency3_E%%3" => 0.5001314090409233)

Parameter values (trained):
Dict{Var, Union{Real, AbstractMatrix{<:Real}}}(Var("Frequency3_E%%2_before_sigmoid") => 0.5033129685205029, Var("Frequency3_T%%1_before_sigmoid") => -1.3417222364019838, Var("Frequency1_R%%0_before_sigmoid") => 0, Var("Frequency3_T%%3_before_sigmoid") => 0.0005258619772186487, Var("Frequency3_E%%3_before_sigmoid") => 0.0005256361757960367, Var("Frequency3_E%%1_before_sigmoid") => 0.841230933160936, Var("Frequency3_T%%4_before_sigmoid") => 0.9247550198453204, Var("Frequency3_T%%2_before_sigmoid") => -0.6405043454458623, Var("Frequency1_B%%0_before_sigmoid") => 0, Var("Frequency3_E%%4_before_sigmoid") => -1.5231203183746855, Var("Frequency2_E%%0_before_sigmoid") => 0)

Saved Coq generator to /Users/francille/Loaded_dice_artifact/artifact/experiments/../tuning-output/v133_artifact/rbt/langderived/root_ty=Main.ColorKVTree.t/ty-sizes=Main.ColorKVTree.t-4-Main.Color.t-0/stack_size=0/intwidth=3/arbitrary_prims=true/mle/depth/uniform/0.3/epochs=100/bound=0.0/trained_Generator.v

Saving trained distribution...
  0.002349667 seconds
Saved metric dist to /Users/francille/Loaded_dice_artifact/artifact/experiments/../tuning-output/v133_artifact/rbt/langderived/root_ty=Main.ColorKVTree.t/ty-sizes=Main.ColorKVTree.t-4-Main.Color.t-0/stack_size=0/intwidth=3/arbitrary_prims=true/mle/depth/uniform/0.3/epochs=100/bound=0.0/loss1_dist_depth_trained.csv


2026-04-14T10:43:35.422
Total time elapsed: 12 seconds, 385 milliseconds
