2026-04-14T10:43:22.676 75687d0a ["-f", "LangBespokeSTLCGenerator(5,2)", "Pair{MLELossConfig{STLC},Float64}[MLELossConfig{STLC}(depth,Linear())=>0.3]", "100", "0.0"]
== Config ==
TAG: v133_artifact
LangBespokeSTLCGenerator(5, 2)
Pair{MLELossConfig{STLC}, Float64}[MLELossConfig{STLC}(depth, Linear()) => 0.3]
Epochs: 100
Bound: 0.0
SEED: 0
ARGS: -f LangBespokeSTLCGenerator(5,2) Pair{MLELossConfig{STLC},Float64}[MLELossConfig{STLC}(depth,Linear())=>0.3] 100 0.0

Building generation computation graph...
  18.371654792 seconds

Building computation graph for MLELossConfig{STLC}(depth, Linear())...
  18.856939959 seconds

ADNodes of interest (initial):
Dict("Frequency1_tfun%%2" => 0.5, "Backtrack2_abs%%1" => 0.5, "Backtrack2_app%%3" => 0.5, "Backtrack2_abs%%5" => 0.5, "Backtrack1_zero%%0" => 0.5, "GenBool2_true%%" => 0.5, "Backtrack2_app%%1" => 0.5, "Backtrack2_var%%2" => 0.5, "Backtrack2_abs%%4" => 0.5, "Frequency1_tfun%%1" => 0.5, "Frequency1_tbool%%1" => 0.5, "Backtrack2_app%%2" => 0.5, "Backtrack1_var%%0" => 0.5, "GenBool1_true%%" => 0.5, "Backtrack2_var%%3" => 0.5, "Backtrack2_app%%4" => 0.5, "Backtrack2_app%%5" => 0.5, "Backtrack2_var%%5" => 0.5, "Backtrack2_abs%%3" => 0.5, "Frequency1_tbool%%2" => 0.5, "Backtrack2_abs%%2" => 0.5, "Backtrack2_var%%4" => 0.5, "Backtrack2_var%%1" => 0.5)

Parameter values (initial):
Dict{Var, Union{Real, AbstractMatrix{<:Real}}}(Var("Backtrack2_app%%4_before_sigmoid") => 0, Var("Backtrack1_var%%0_before_sigmoid") => 0, Var("Backtrack2_abs%%2_before_sigmoid") => 0, Var("Backtrack2_var%%3_before_sigmoid") => 0, Var("GenBool2_true%%_before_sigmoid") => 0, Var("Backtrack2_abs%%1_before_sigmoid") => 0, Var("Backtrack2_var%%5_before_sigmoid") => 0, Var("Backtrack2_app%%1_before_sigmoid") => 0, Var("Frequency1_tbool%%1_before_sigmoid") => 0, Var("GenBool1_true%%_before_sigmoid") => 0, Var("Frequency1_tbool%%2_before_sigmoid") => 0, Var("Backtrack2_app%%2_before_sigmoid") => 0, Var("Backtrack2_var%%4_before_sigmoid") => 0, Var("Backtrack2_abs%%4_before_sigmoid") => 0, Var("Backtrack2_var%%2_before_sigmoid") => 0, Var("Backtrack2_app%%5_before_sigmoid") => 0, Var("Backtrack2_app%%3_before_sigmoid") => 0, Var("Frequency1_tfun%%2_before_sigmoid") => 0, Var("Backtrack1_zero%%0_before_sigmoid") => 0, Var("Backtrack2_abs%%5_before_sigmoid") => 0, Var("Backtrack2_abs%%3_before_sigmoid") => 0, Var("Backtrack2_var%%1_before_sigmoid") => 0, Var("Frequency1_tfun%%1_before_sigmoid") => 0)

Saved Coq generator to /Users/francille/Loaded_dice_artifact/artifact/experiments/../tuning-output/v133_artifact/stlc/langbespoke/expr_sz=5-typ_sz=2/mle/depth/linear/0.3/epochs=100/bound=0.0/initial_Generator.v

Saving initial distribution...
  19.432811583 seconds
Saved metric dist to /Users/francille/Loaded_dice_artifact/artifact/experiments/../tuning-output/v133_artifact/stlc/langbespoke/expr_sz=5-typ_sz=2/mle/depth/linear/0.3/epochs=100/bound=0.0/loss1_dist_depth_initial.csv


ADNodes of interest (trained):
Dict("Frequency1_tfun%%2" => 0.9425727904545689, "Backtrack2_abs%%1" => 0.9303805801781162, "Backtrack2_app%%3" => 0.9906262245799788, "Backtrack2_abs%%5" => 0.03194161769867653, "Backtrack1_zero%%0" => 0.44007355759466643, "GenBool2_true%%" => 0.5, "Backtrack2_app%%1" => 0.9844498884954015, "Backtrack2_var%%2" => 0.9629210310246059, "Backtrack2_abs%%4" => 0.9991881327458809, "Frequency1_tfun%%1" => 0.8921511685425088, "Frequency1_tbool%%1" => 0.002432828614547276, "Backtrack2_app%%2" => 0.99234120151262, "Backtrack1_var%%0" => 0.5584670915418262, "GenBool1_true%%" => 0.5, "Backtrack2_var%%3" => 0.9546941258615361, "Backtrack2_app%%4" => 0.8529223156177372, "Backtrack2_app%%5" => 0.9774565987887757, "Backtrack2_var%%5" => 0.4999999999999998, "Backtrack2_abs%%3" => 0.9958264271258146, "Frequency1_tbool%%2" => 0.006206424100861366, "Backtrack2_abs%%2" => 0.9917728055194007, "Backtrack2_var%%4" => 0.8502800396863361, "Backtrack2_var%%1" => 0.9775084898894473)

Parameter values (trained):
Dict{Var, Union{Real, AbstractMatrix{<:Real}}}(Var("Backtrack2_app%%4_before_sigmoid") => 1.7577075590082796, Var("Backtrack1_var%%0_before_sigmoid") => 0.23494313872974792, Var("Backtrack2_abs%%2_before_sigmoid") => 4.792048987143203, Var("Backtrack2_var%%3_before_sigmoid") => 3.047954306108812, Var("GenBool2_true%%_before_sigmoid") => 0, Var("Backtrack2_abs%%1_before_sigmoid") => 2.5925501795843773, Var("Backtrack2_var%%5_before_sigmoid") => -8.221945531090152e-16, Var("Backtrack2_app%%1_before_sigmoid") => 4.148015187008692, Var("Frequency1_tbool%%1_before_sigmoid") => -6.016264866938785, Var("GenBool1_true%%_before_sigmoid") => 0, Var("Frequency1_tbool%%2_before_sigmoid") => -5.07594461404532, Var("Backtrack2_app%%2_before_sigmoid") => 4.864211885268276, Var("Backtrack2_var%%4_before_sigmoid") => 1.7367991357135355, Var("Backtrack2_abs%%4_before_sigmoid") => 7.115361514319127, Var("Backtrack2_var%%2_before_sigmoid") => 3.25692147044498, Var("Backtrack2_app%%5_before_sigmoid") => 3.769511496747306, Var("Backtrack2_app%%3_before_sigmoid") => 4.660421351773653, Var("Frequency1_tfun%%2_before_sigmoid") => 2.7980949226920413, Var("Backtrack1_zero%%0_before_sigmoid") => -0.2408635329626232, Var("Backtrack2_abs%%5_before_sigmoid") => -3.411382608199589, Var("Backtrack2_abs%%3_before_sigmoid") => 5.474800499119455, Var("Backtrack2_var%%1_before_sigmoid") => 3.7718690675464885, Var("Frequency1_tfun%%1_before_sigmoid") => 2.112905051791585)

Saved Coq generator to /Users/francille/Loaded_dice_artifact/artifact/experiments/../tuning-output/v133_artifact/stlc/langbespoke/expr_sz=5-typ_sz=2/mle/depth/linear/0.3/epochs=100/bound=0.0/trained_Generator.v

Saving trained distribution...
  16.667162458 seconds
Saved metric dist to /Users/francille/Loaded_dice_artifact/artifact/experiments/../tuning-output/v133_artifact/stlc/langbespoke/expr_sz=5-typ_sz=2/mle/depth/linear/0.3/epochs=100/bound=0.0/loss1_dist_depth_trained.csv


2026-04-14T10:50:08.870
Total time elapsed: 6 minutes, 46 seconds, 194 milliseconds
